--------------------------------------------------------------------------------
Release 14.7 Trace  (nt64)
Copyright (c) 1995-2013 Xilinx, Inc.  All rights reserved.

C:\Xilinx\14.7\ISE_DS\ISE\bin\nt64\unwrapped\trce.exe -intstyle ise -v 3 -s 3
-n 3 -fastpaths -xml MAIN.twx MAIN.ncd -o MAIN.twr MAIN.pcf -ucf MAIN.ucf

Design file:              MAIN.ncd
Physical constraint file: MAIN.pcf
Device,package,speed:     xc6slx9,tqg144,C,-3 (PRODUCTION 1.23 2013-10-13)
Report level:             verbose report

Environment Variable      Effect 
--------------------      ------ 
NONE                      No environment variables were set
--------------------------------------------------------------------------------

INFO:Timing:2698 - No timing constraints found, doing default enumeration.
INFO:Timing:3412 - To improve timing, see the Timing Closure User Guide (UG612).
INFO:Timing:2752 - To get complete path coverage, use the unconstrained paths 
   option. All paths that are not constrained will be reported in the 
   unconstrained paths section(s) of the report.
INFO:Timing:3339 - The clock-to-out numbers in this timing report are based on 
   a 50 Ohm transmission line loading model.  For the details of this model, 
   and for more information on accounting for different loading conditions, 
   please see the device datasheet.



Data Sheet report:
-----------------
All values displayed in nanoseconds (ns)

Setup/Hold to clock CLOCK
------------+------------+------------+------------+------------+------------------+--------+
            |Max Setup to|  Process   |Max Hold to |  Process   |                  | Clock  |
Source      | clk (edge) |   Corner   | clk (edge) |   Corner   |Internal Clock(s) | Phase  |
------------+------------+------------+------------+------------+------------------+--------+
P1_LEFT     |    3.045(R)|      SLOW  |   -0.528(R)|      SLOW  |CLOCK_BUFGP       |   0.000|
P1_READY    |    3.027(R)|      SLOW  |   -0.687(R)|      SLOW  |CLOCK_BUFGP       |   0.000|
P1_RIGHT    |    3.211(R)|      SLOW  |   -0.156(R)|      SLOW  |CLOCK_BUFGP       |   0.000|
P2_LEFT     |    3.475(R)|      SLOW  |   -0.662(R)|      SLOW  |CLOCK_BUFGP       |   0.000|
P2_READY    |    3.640(R)|      SLOW  |   -0.838(R)|      FAST  |CLOCK_BUFGP       |   0.000|
P2_RIGHT    |    3.712(R)|      SLOW  |   -0.470(R)|      FAST  |CLOCK_BUFGP       |   0.000|
------------+------------+------------+------------+------------+------------------+--------+

Clock CLOCK to Pad
------------+-----------------+------------+-----------------+------------+------------------+--------+
            |Max (slowest) clk|  Process   |Min (fastest) clk|  Process   |                  | Clock  |
Destination |  (edge) to PAD  |   Corner   |  (edge) to PAD  |   Corner   |Internal Clock(s) | Phase  |
------------+-----------------+------------+-----------------+------------+------------------+--------+
P1_LEFT_OUT |         7.706(R)|      SLOW  |         3.995(R)|      FAST  |CLOCK_BUFGP       |   0.000|
P1_READY_OUT|         8.033(R)|      SLOW  |         4.220(R)|      FAST  |CLOCK_BUFGP       |   0.000|
P1_RIGHT_OUT|         7.033(R)|      SLOW  |         3.584(R)|      FAST  |CLOCK_BUFGP       |   0.000|
P2_LEFT_OUT |         8.131(R)|      SLOW  |         4.290(R)|      FAST  |CLOCK_BUFGP       |   0.000|
P2_READY_OUT|         7.979(R)|      SLOW  |         4.220(R)|      FAST  |CLOCK_BUFGP       |   0.000|
P2_RIGHT_OUT|         8.471(R)|      SLOW  |         4.499(R)|      FAST  |CLOCK_BUFGP       |   0.000|
------------+-----------------+------------+-----------------+------------+------------------+--------+

Clock to Setup on destination clock CLOCK
---------------+---------+---------+---------+---------+
               | Src:Rise| Src:Fall| Src:Rise| Src:Fall|
Source Clock   |Dest:Rise|Dest:Rise|Dest:Fall|Dest:Fall|
---------------+---------+---------+---------+---------+
CLOCK          |    3.347|         |         |         |
---------------+---------+---------+---------+---------+


Analysis completed Mon Dec 12 21:31:46 2022 
--------------------------------------------------------------------------------

Trace Settings:
-------------------------
Trace Settings 

Peak Memory Usage: 4571 MB



